Job started at 21-01-2026 12:33:03
Working directory: /scratch-local/okooijman.18532298
Submission directory: /gpfs/home3/okooijman/MLCourse/Neural_networks/nn_Nikki/Very_deep
Job ID: 18532298
================================================
JOB PARAMETERS
================================================
Python script: naarsupercomp6deep.py
Training file: train3body.dat
Test file: test3body.dat
Weight decay: 0.0001
Job name: ml_naarsupercomp6deep_20260121_123245
================================================
Copying input files to working directory
Files copied successfully
Files in working directory:
total 129
drwxr-x---.  2 okooijman okooijman     4096 Jan 21 12:33 .
drwxrwxrwt. 60 root      root        131072 Jan 21 12:32 ..
-rw-r-----.  1 okooijman okooijman     9079 Jan 21 12:33 naarsupercomp6deep.py
-rw-r-----.  1 okooijman okooijman  9785229 Jan 21 12:33 test3body.dat
-rw-r-----.  1 okooijman okooijman 39137889 Jan 21 12:33 train3body.dat
Starting Python script at 12:33:06
/gpfs/scratch1/nodespecific/tcn918/okooijman.18532298/naarsupercomp6deep.py:63: FutureWarning: The 'delim_whitespace' keyword in pd.read_csv is deprecated and will be removed in a future version. Use ``sep='\s+'`` instead
  df = pd.read_csv(args.train_file, delim_whitespace=True, header=0)
/gpfs/scratch1/nodespecific/tcn918/okooijman.18532298/naarsupercomp6deep.py:64: FutureWarning: The 'delim_whitespace' keyword in pd.read_csv is deprecated and will be removed in a future version. Use ``sep='\s+'`` instead
  df_test = pd.read_csv(args.test_file, delim_whitespace=True, header=0)
/home/okooijman/anaconda3/envs/xgboost_ml/lib/python3.10/site-packages/sklearn/metrics/_classification.py:1731: UndefinedMetricWarning: Precision is ill-defined and being set to 0.0 due to no predicted samples. Use `zero_division` parameter to control this behavior.
  _warn_prf(average, modifier, f"{metric.capitalize()} is", result.shape[0])
0
50
100
150
200
250
300
350
400
450
500
550
600
650
700
750
800
850
900
950
1000
1050
1100
1150
1200
1250
1300
1350
1400
1450
1500
1550
1600
1650
1700
1750
1800
1850
1900
1950
2000
2050
2100
2150
2200
2250
2300
2350
2400
2450
2500
2550
2600
2650
2700
2750
2800
2850
2900
2950
Python execution finished at 12:54:21 with exit code: 0
================================================
COPYING RESULTS BACK
================================================
Job started: 21-01-2026 12:33:03
Job ended: 21-01-2026 12:54:21
Job ID: 18532298
Exit code: 0
Found 'results' directory. Contents:
total 1
drwxr-x---. 2 okooijman okooijman  4096 Jan 21 12:54 .
drwxr-x---. 3 okooijman okooijman  4096 Jan 21 12:54 ..
-rw-r-----. 1 okooijman okooijman 36995 Jan 21 12:54 accuracy long run.png
-rw-r-----. 1 okooijman okooijman 24328 Jan 21 12:54 confusionmatrix long run.png
-rw-r-----. 1 okooijman okooijman 34850 Jan 21 12:54 loss long run.png
-rw-r-----. 1 okooijman okooijman 68990 Jan 21 12:54 recall long run.png
Copying 'results' directory to /gpfs/home3/okooijman/MLCourse/Neural_networks/nn_Nikki/Very_deep/
Successfully copied results directory
Files copied to /gpfs/home3/okooijman/MLCourse/Neural_networks/nn_Nikki/Very_deep/results/:
total 2
drwxr-x---+ 2 okooijman okooijman  4096 Jan 21 12:54 .
drwxr-x---+ 3 okooijman okooijman  4096 Jan 21 12:54 ..
-rw-r-----+ 1 okooijman okooijman 36995 Jan 21 12:54 accuracy long run.png
-rw-r-----+ 1 okooijman okooijman 24328 Jan 21 12:54 confusionmatrix long run.png
-rw-r-----+ 1 okooijman okooijman 34850 Jan 21 12:54 loss long run.png
-rw-r-----+ 1 okooijman okooijman 68990 Jan 21 12:54 recall long run.png
Job completed at 12:54:21
